// Jest Snapshot v1, https://goo.gl/fbAQLP

exports[`RotatingBoxesLoader default should match snapshot 1`] = `
<RotatingBoxesLoader
  loading={true}
>
  <LoaderBox
    dPropsSize={40}
    loading={true}
  >
    <Styled(div)>
      <div
        className="css-1wov2i0"
      >
        <Styled(div)>
          <div
            className="css-vixna1"
          >
            <Styled(div)
              style={
                Object {
                  "backgroundColor": "#fafafa",
                }
              }
            >
              <div
                className="css-12d3qv7"
                style={
                  Object {
                    "backgroundColor": "#fafafa",
                  }
                }
              />
            </Styled(div)>
          </div>
        </Styled(div)>
        <Styled(div)>
          <div
            className="css-12bpqi2"
          >
            <Styled(div)
              style={
                Object {
                  "backgroundColor": "#fafafa",
                }
              }
            >
              <div
                className="css-12d3qv7"
                style={
                  Object {
                    "backgroundColor": "#fafafa",
                  }
                }
              />
            </Styled(div)>
          </div>
        </Styled(div)>
      </div>
    </Styled(div)>
  </LoaderBox>
</RotatingBoxesLoader>
`;
